Usage:
  nucleus routes [flags]

List the routes of your application. Inside a project (a go.mod in --dir) it builds the main package and runs the binary with NUCLEUS_PRINT_ROUTES=1, which makes nucleus.Run print every route it serves, attributed to the module that registered it, and exit before listening. Outside a project, or with --framework-only, it lists the framework's own routes built from configuration.

Flags:
  -config string
    	Path to nucleus config file (configuration-only listing; your binary reads its own)
  -dir string
    	Project directory containing go.mod and the application's main package (default ".")
  -framework-only
    	List the framework's own routes from configuration without building or running the application
  -json
    	Print routes as JSON
  -path string
    	Filter routes by prefix
  -timeout duration
    	How long the built application may take to print its routes before it is killed (the build is not counted) (default 30s)
  -verbose
    	Include middleware count

Examples:
  nucleus routes --dir .
  nucleus routes --path /api --json
  nucleus routes --framework-only --config nucleus.yml

--config belongs to the configuration-only listing: your binary reads its own configuration, so inside a project the flag is refused unless --framework-only is given.

The run is bounded by --timeout: an application that serves instead of printing is stopped and reported as an error, never left listening.
